// Jest Snapshot v1, https://goo.gl/fbAQLP

exports[`Deck should render correctly 1`] = `
.c0 {
  background: #EAEAEA;
  border-radius: 5px;
  cursor: pointer;
  display: inline-block;
  height: 182px;
  padding: 8px;
  place-self: center;
  -webkit-transition: box-shadow 0.2s ease-in-out;
  transition: box-shadow 0.2s ease-in-out;
  width: 130px;
}

.c0 p {
  margin-bottom: 0;
  margin-top: 0;
}

.c0 p.subtext {
  font-size: 11px;
  margin-top: 3px;
}

.c0 p.ability1Title {
  margin-top: 15px;
}

.c0.active {
  background: #9FFFB0;
}

.c0.card {
  box-shadow: 0 1px 3px rgba(0,0,0,0.12),0 1px 2px rgba(0,0,0,0.24);
}

.c0.card:active {
  background: #9FFFB0;
}

.c0.card:hover {
  box-shadow: 0 14px 28px rgba(0,0,0,0.25),0 10px 10px rgba(0,0,0,0.22);
}

.c0.deck {
  background: #C6C6C6;
  grid-row: 3;
  grid-column: 1;
}

.c0.stackedCard {
  box-shadow: 0 1px 2px rgba(0,0,0,0.12),0 1px 1px rgba(0,0,0,0.24);
  margin-left: -11px;
  margin-top: -11px;
}

.c0.stackedCard.canDrawCard:hover {
  background: #9FFFB0;
}

<div
  className="c0 deck"
>
  <div
    className="c0 stackedCard canDrawCard"
    onClick={[Function]}
  >
    <p
      className="deckParagraph"
    >
      Draw a card.
    </p>
  </div>
</div>
`;
