// Jest Snapshot v1, https://goo.gl/fbAQLP

exports[`PlayArea should render correctly 1`] = `
.c1 {
  background: #EAEAEA;
  border-radius: 5px;
  cursor: pointer;
  display: inline-block;
  height: 182px;
  padding: 8px;
  place-self: center;
  -webkit-transition: box-shadow 0.2s ease-in-out;
  transition: box-shadow 0.2s ease-in-out;
  width: 130px;
}

.c1.active {
  background: #9FFFB0;
}

.c1.card {
  box-shadow: 0 1px 3px rgba(0,0,0,0.12),0 1px 2px rgba(0,0,0,0.24);
}

.c1.card:active {
  background: #9FFFB0;
}

.c1.card:hover {
  box-shadow: 0 14px 28px rgba(0,0,0,0.25),0 10px 10px rgba(0,0,0,0.22);
}

.c1.deck {
  background: #DADADA;
  grid-row: 3;
  grid-column: 1;
  box-shadow: 0 1px 3px rgba(0,0,0,0.72),0 1px 2px rgba(0,0,0,0.84);
}

.c1.stackedCard {
  box-shadow: 0 1px 2px rgba(0,0,0,0.12),0 1px 1px rgba(0,0,0,0.24);
  margin-left: -11px;
  margin-top: -11px;
}

.c0 {
  border: 1px solid blue;
  display: grid;
  grid-row-gap: 8px;
  grid-template-columns: repeat(10,156px [col-start]);
  margin: 0 auto;
  width: 1560px;
}

@media screen and (max-width:1750px) {
  .c0 {
    grid-template-columns: repeat(8,156px [col-start]);
    width: 1248px;
  }
}

@media screen and (max-width:1500px) {
  .c0 {
    grid-template-columns: repeat(6,156px [col-start]);
    width: 936px;
  }
}

<div
  className="c0 playArea"
>
  <div
    className="c1 card"
    onClick={[Function]}
    onMouseDown={[Function]}
  >
    Alabama
  </div>
  <div
    className="c1 card"
    onClick={[Function]}
    onMouseDown={[Function]}
  >
    Alaska
  </div>
  <div
    className="c1 card"
    onClick={[Function]}
    onMouseDown={[Function]}
  >
    Arizona
  </div>
  <div
    className="c1 card"
    onClick={[Function]}
    onMouseDown={[Function]}
  >
    Arkansas
  </div>
  <div
    className="c1 deck"
  >
    <div
      className="c1 stackedCard"
      onClick={[Function]}
    >
      <p
        className="deckParagraph"
      >
        Draw a card.
      </p>
    </div>
  </div>
</div>
`;
