// Jest Snapshot v1, https://goo.gl/fbAQLP

exports[`App should render correctly 1`] = `
<div
  className="sc-AxiKw gGABgI"
>
  <div
    className="sc-AxjAm ljnGzd playArea"
  >
    <div
      className="sc-AxirZ eaqbOz card"
    >
      Hello
    </div>
    <div
      className="sc-AxirZ eaqbOz card"
    >
      Hello
    </div>
    <div
      className="sc-AxirZ eaqbOz card"
    >
      Hello
    </div>
    <div
      className="sc-AxirZ eaqbOz card"
    >
      Hello
    </div>
    <div
      className="sc-AxirZ eaqbOz card"
    >
      Hello
    </div>
    <div
      className="sc-AxirZ eaqbOz card"
    >
      Hello
    </div>
    <div
      className="sc-AxirZ eaqbOz card"
    >
      Hello
    </div>
    <div
      className="sc-AxirZ eaqbOz card"
    >
      Hello
    </div>
    <div
      className="sc-AxirZ eaqbOz card"
    >
      Hello
    </div>
    <div
      className="sc-AxirZ eaqbOz card"
    >
      Hello
    </div>
    <div
      className="sc-AxirZ eaqbOz card"
    >
      Hello
    </div>
    <div
      className="sc-AxirZ eaqbOz card"
    >
      Hello
    </div>
  </div>
</div>
`;
