// Jest Snapshot v1, https://goo.gl/fbAQLP

exports[`App should render correctly 1`] = `
<div
  className="sc-AxiKw gGABgI app"
  onClick={[Function]}
>
  <div
    className="sc-AxjAm hnLhyz playArea"
  >
    <div
      className="sc-AxirZ cmKDcl card"
      onClick={[Function]}
      onMouseDown={[Function]}
    >
      Hello
    </div>
    <div
      className="sc-AxirZ cmKDcl card"
      onClick={[Function]}
      onMouseDown={[Function]}
    >
      Hello
    </div>
    <div
      className="sc-AxirZ cmKDcl card"
      onClick={[Function]}
      onMouseDown={[Function]}
    >
      Hello
    </div>
    <div
      className="sc-AxirZ cmKDcl card"
      onClick={[Function]}
      onMouseDown={[Function]}
    >
      Hello
    </div>
    <div
      className="sc-AxirZ cmKDcl card"
      onClick={[Function]}
      onMouseDown={[Function]}
    >
      Hello
    </div>
    <div
      className="sc-AxirZ cmKDcl card"
      onClick={[Function]}
      onMouseDown={[Function]}
    >
      Hello
    </div>
    <div
      className="sc-AxirZ cmKDcl card"
      onClick={[Function]}
      onMouseDown={[Function]}
    >
      Hello
    </div>
    <div
      className="sc-AxirZ cmKDcl card"
      onClick={[Function]}
      onMouseDown={[Function]}
    >
      Hello
    </div>
    <div
      className="sc-AxirZ cmKDcl card"
      onClick={[Function]}
      onMouseDown={[Function]}
    >
      Hello
    </div>
    <div
      className="sc-AxirZ cmKDcl card"
      onClick={[Function]}
      onMouseDown={[Function]}
    >
      Hello
    </div>
    <div
      className="sc-AxirZ cmKDcl deck"
    >
      <div>
        Deck
      </div>
    </div>
  </div>
</div>
`;
