// Jest Snapshot v1, https://goo.gl/fbAQLP

exports[`App should render correctly 1`] = `
<div
  className="sc-AxgMl grnyfY app"
  onClick={[Function]}
>
  <div
    className="sc-AxhUy isiHme playArea"
  >
    <div
      className="sc-AxirZ dLSlov card"
      onClick={[Function]}
      onMouseDown={[Function]}
    >
      <p
        className="title"
      >
        Alabama
      </p>
      <p
        className="subtext subtitle"
      >
        state
      </p>
    </div>
    <div
      className="sc-AxirZ dLSlov card"
      onClick={[Function]}
      onMouseDown={[Function]}
    >
      <p
        className="title"
      >
        Alaska
      </p>
      <p
        className="subtext subtitle"
      >
        state
      </p>
    </div>
    <div
      className="sc-AxirZ dLSlov card"
      onClick={[Function]}
      onMouseDown={[Function]}
    >
      <p
        className="title"
      >
        Arizona
      </p>
      <p
        className="subtext subtitle"
      >
        state
      </p>
    </div>
    <div
      className="sc-AxirZ dLSlov card"
      onClick={[Function]}
      onMouseDown={[Function]}
    >
      <p
        className="title"
      >
        Arkansas
      </p>
      <p
        className="subtext subtitle"
      >
        state
      </p>
    </div>
    <div
      className="sc-AxirZ dLSlov card"
      onClick={[Function]}
      onMouseDown={[Function]}
    >
      <p
        className="title"
      >
        California
      </p>
      <p
        className="subtext subtitle"
      >
        state
      </p>
    </div>
    <div
      className="sc-AxirZ dLSlov card"
      onClick={[Function]}
      onMouseDown={[Function]}
    >
      <p
        className="title"
      >
        Colorado
      </p>
      <p
        className="subtext subtitle"
      >
        state
      </p>
    </div>
    <div
      className="sc-AxirZ dLSlov card"
      onClick={[Function]}
      onMouseDown={[Function]}
    >
      <p
        className="title"
      >
        Connecticut
      </p>
      <p
        className="subtext subtitle"
      >
        state
      </p>
    </div>
    <div
      className="sc-AxirZ dLSlov card"
      onClick={[Function]}
      onMouseDown={[Function]}
    >
      <p
        className="title"
      >
        Delaware
      </p>
      <p
        className="subtext subtitle"
      >
        state
      </p>
    </div>
    <div
      className="sc-AxirZ dLSlov card"
      onClick={[Function]}
      onMouseDown={[Function]}
    >
      <p
        className="title"
      >
        Sonny Perdue
      </p>
      <p
        className="subtext subtitle"
      >
        cabinet
      </p>
      <p
        className="subtext ability1Title"
      >
        Judo Chop
         - 
        Deal 20 damage to player.
      </p>
    </div>
    <div
      className="sc-AxirZ dLSlov card"
      onClick={[Function]}
      onMouseDown={[Function]}
    >
      <p
        className="title"
      >
        William Barr
      </p>
      <p
        className="subtext subtitle"
      >
        cabinet
      </p>
      <p
        className="subtext ability1Title"
      >
        Banshee Call
         - 
        Skip opponent's next turn.
      </p>
    </div>
    <div
      className="sc-AxirZ dLSlov card"
      onClick={[Function]}
      onMouseDown={[Function]}
    >
      <p
        className="title"
      >
        Gina Haspel
      </p>
      <p
        className="subtext subtitle"
      >
        cabinet
      </p>
    </div>
    <div
      className="sc-AxirZ dLSlov card"
      onClick={[Function]}
      onMouseDown={[Function]}
    >
      <p
        className="title"
      >
        Lamar Alexander
      </p>
      <p
        className="subtext subtitle"
      >
        congress
      </p>
    </div>
    <div
      className="sc-AxirZ dLSlov deck"
    >
      <div
        className="sc-AxirZ dLSlov stackedCard canDrawCard"
        onClick={[Function]}
      >
        <div
          className="sc-AxjAm lkoMCz drawCardIcon"
        >
          <svg
            height="50"
            viewBox="0 0 703 703"
            width="50"
          >
            <g
              transform="translate(-398 -203)"
            >
              <circle
                cx="351.5"
                cy="351.5"
                fill="#707070"
                r="351.5"
                transform="translate(398 203)"
              />
              <path
                d="M136,136,0,272ZM0,0,136,136Z"
                fill="none"
                stroke="#EAEAEA"
                strokeLinecap="round"
                strokeLinejoin="round"
                strokeWidth="100"
                transform="translate(805.5 418.5)"
              />
              <line
                fill="none"
                stroke="#EAEAEA"
                strokeLinecap="round"
                strokeLinejoin="round"
                strokeWidth="100"
                transform="translate(556.5 554.5)"
                x2="385"
              />
            </g>
          </svg>
          <p>
            Take a Card
          </p>
        </div>
      </div>
    </div>
  </div>
  <div
    className="sc-AxhCb cFIxOX handIcon"
    onClick={[Function]}
  >
    <svg
      height="421.425"
      viewBox="0 0 445.805 421.425"
      width="445.805"
    >
      <g
        transform="translate(-195.558 -456.564)"
      >
        <g
          className="svgCard"
          fill="#707070"
          stroke="#fff"
          strokeWidth="12"
          transform="matrix(0.995, 0.105, -0.105, 0.995, 392.732, 495.977)"
        >
          <rect
            height="350"
            rx="15"
            stroke="none"
            width="250"
          />
          <rect
            fill="none"
            height="338"
            rx="9"
            width="238"
            x="6"
            y="6"
          />
        </g>
        <g
          className="svgCard"
          fill="#707070"
          stroke="#fff"
          strokeWidth="12"
          transform="translate(290.401 516.605) rotate(-9)"
        >
          <rect
            height="350"
            rx="15"
            stroke="none"
            width="250"
          />
          <rect
            fill="none"
            height="338"
            rx="9"
            width="238"
            x="6"
            y="6"
          />
        </g>
        <g
          className="svgCard"
          fill="#707070"
          stroke="#fff"
          strokeWidth="12"
          transform="matrix(0.914, -0.407, 0.407, 0.914, 195.558, 558.248)"
        >
          <rect
            height="350"
            rx="15"
            stroke="none"
            width="250"
          />
          <rect
            fill="none"
            height="338"
            rx="9"
            width="238"
            x="6"
            y="6"
          />
        </g>
      </g>
    </svg>
  </div>
  <div
    className="sc-AxiKw fQdyLb hand hidden"
    onClick={[Function]}
  >
    <div
      className="sc-AxirZ dLSlov card"
      onClick={[Function]}
      onMouseDown={[Function]}
    >
      <p
        className="title"
      />
      <p
        className="subtext subtitle"
      />
    </div>
    <div
      className="sc-AxirZ dLSlov card"
      onClick={[Function]}
      onMouseDown={[Function]}
    >
      <p
        className="title"
      />
      <p
        className="subtext subtitle"
      />
    </div>
    <div
      className="sc-AxirZ dLSlov card"
      onClick={[Function]}
      onMouseDown={[Function]}
    >
      <p
        className="title"
      />
      <p
        className="subtext subtitle"
      />
    </div>
  </div>
  <div
    className="sc-AxjAm lkoMCz endTurnIcon"
  >
    <svg
      height="75"
      viewBox="0 0 703 703"
      width="75"
    >
      <g
        transform="translate(-398 -203)"
      >
        <path
          d="M136,136,0,272ZM0,0,136,136Z"
          fill="none"
          stroke="#D0D0D0"
          strokeLinecap="round"
          strokeLinejoin="round"
          strokeWidth="100"
          transform="translate(805.5 418.5)"
        />
        <line
          fill="none"
          stroke="#D0D0D0"
          strokeLinecap="round"
          strokeLinejoin="round"
          strokeWidth="100"
          transform="translate(556.5 554.5)"
          x2="385"
        />
      </g>
    </svg>
  </div>
</div>
`;
